[    1556ms] [LOG] Angular is running in development mode. @ http://localhost:8103/@fs/home/nini/playground/mati/frontend/.angular/cache/21.2.6/mati/vite/deps/chunk-UJXFFF7P.js?v=0bfcedbb:17572
[  243526ms] [LOG] Angular is running in development mode. @ http://localhost:8103/@fs/home/nini/playground/mati/frontend/.angular/cache/21.2.6/mati/vite/deps/chunk-UJXFFF7P.js?v=0bfcedbb:17572
[  247226ms] [LOG] Angular is running in development mode. @ http://localhost:8103/@fs/home/nini/playground/mati/frontend/.angular/cache/21.2.6/mati/vite/deps/chunk-UJXFFF7P.js?v=0bfcedbb:17572
[  255165ms] [LOG] Angular is running in development mode. @ http://localhost:8103/@fs/home/nini/playground/mati/frontend/.angular/cache/21.2.6/mati/vite/deps/chunk-UJXFFF7P.js?v=0bfcedbb:17572
[  845424ms] [LOG] Angular is running in development mode. @ http://localhost:8103/@fs/home/nini/playground/mati/frontend/.angular/cache/21.2.6/mati/vite/deps/chunk-UJXFFF7P.js?v=0bfcedbb:17572
[  845427ms] [ERROR] ERROR ɵNotFound: NG0201: No provider found for `_KonvaStageService`. Source: Standalone[_TacticalBoardComponent]. Find more at https://v21.angular.dev/errors/NG0201
    at createRuntimeError (http://localhost:8103/@fs/home/nini/playground/mati/frontend/.angular/cache/21.2.6/mati/vite/deps/chunk-UJXFFF7P.js?v=0bfcedbb:4383:17)
    at NullInjector.get (http://localhost:8103/@fs/home/nini/playground/mati/frontend/.angular/cache/21.2.6/mati/vite/deps/chunk-UJXFFF7P.js?v=0bfcedbb:4655:21)
    at R3Injector.get (http://localhost:8103/@fs/home/nini/playground/mati/frontend/.angular/cache/21.2.6/mati/vite/deps/chunk-UJXFFF7P.js?v=0bfcedbb:4978:27)
    at R3Injector.get (http://localhost:8103/@fs/home/nini/playground/mati/frontend/.angular/cache/21.2.6/mati/vite/deps/chunk-UJXFFF7P.js?v=0bfcedbb:4978:27)
    at R3Injector.get (http://localhost:8103/@fs/home/nini/playground/mati/frontend/.angular/cache/21.2.6/mati/vite/deps/chunk-UJXFFF7P.js?v=0bfcedbb:4978:27)
    at ChainedInjector.get (http://localhost:8103/@fs/home/nini/playground/mati/frontend/.angular/cache/21.2.6/mati/vite/deps/chunk-UJXFFF7P.js?v=0bfcedbb:14370:32)
    at lookupTokenUsingModuleInjector (http://localhost:8103/@fs/home/nini/playground/mati/frontend/.angular/cache/21.2.6/mati/vite/deps/chunk-UJXFFF7P.js?v=0bfcedbb:7585:31)
    at getOrCreateInjectable (http://localhost:8103/@fs/home/nini/playground/mati/frontend/.angular/cache/21.2.6/mati/vite/deps/chunk-UJXFFF7P.js?v=0bfcedbb:7608:10)
    at ɵɵdirectiveInject (http://localhost:8103/@fs/home/nini/playground/mati/frontend/.angular/cache/21.2.6/mati/vite/deps/chunk-UJXFFF7P.js?v=0bfcedbb:14402:17)
    at ɵɵinject (http://localhost:8103/@fs/home/nini/playground/mati/frontend/.angular/cache/21.2.6/mati/vite/deps/chunk-UJXFFF7P.js?v=0bfcedbb:4463:59) @ http://localhost:8103/@fs/home/nini/playground/mati/frontend/.angular/cache/21.2.6/mati/vite/deps/chunk-UJXFFF7P.js?v=0bfcedbb:6347
[  845435ms] ɵNotFound: NG0201: No provider found for `_KonvaStageService`. Source: Standalone[_TacticalBoardComponent]. Find more at https://v21.angular.dev/errors/NG0201
    at createRuntimeError (http://localhost:8103/@fs/home/nini/playground/mati/frontend/.angular/cache/21.2.6/mati/vite/deps/chunk-UJXFFF7P.js?v=0bfcedbb:4383:17)
    at NullInjector.get (http://localhost:8103/@fs/home/nini/playground/mati/frontend/.angular/cache/21.2.6/mati/vite/deps/chunk-UJXFFF7P.js?v=0bfcedbb:4655:21)
    at R3Injector.get (http://localhost:8103/@fs/home/nini/playground/mati/frontend/.angular/cache/21.2.6/mati/vite/deps/chunk-UJXFFF7P.js?v=0bfcedbb:4978:27)
    at R3Injector.get (http://localhost:8103/@fs/home/nini/playground/mati/frontend/.angular/cache/21.2.6/mati/vite/deps/chunk-UJXFFF7P.js?v=0bfcedbb:4978:27)
    at R3Injector.get (http://localhost:8103/@fs/home/nini/playground/mati/frontend/.angular/cache/21.2.6/mati/vite/deps/chunk-UJXFFF7P.js?v=0bfcedbb:4978:27)
    at ChainedInjector.get (http://localhost:8103/@fs/home/nini/playground/mati/frontend/.angular/cache/21.2.6/mati/vite/deps/chunk-UJXFFF7P.js?v=0bfcedbb:14370:32)
    at lookupTokenUsingModuleInjector (http://localhost:8103/@fs/home/nini/playground/mati/frontend/.angular/cache/21.2.6/mati/vite/deps/chunk-UJXFFF7P.js?v=0bfcedbb:7585:31)
    at getOrCreateInjectable (http://localhost:8103/@fs/home/nini/playground/mati/frontend/.angular/cache/21.2.6/mati/vite/deps/chunk-UJXFFF7P.js?v=0bfcedbb:7608:10)
    at ɵɵdirectiveInject (http://localhost:8103/@fs/home/nini/playground/mati/frontend/.angular/cache/21.2.6/mati/vite/deps/chunk-UJXFFF7P.js?v=0bfcedbb:14402:17)
    at ɵɵinject (http://localhost:8103/@fs/home/nini/playground/mati/frontend/.angular/cache/21.2.6/mati/vite/deps/chunk-UJXFFF7P.js?v=0bfcedbb:4463:59)
[  850353ms] [LOG] Angular is running in development mode. @ http://localhost:8103/@fs/home/nini/playground/mati/frontend/.angular/cache/21.2.6/mati/vite/deps/chunk-UJXFFF7P.js?v=0bfcedbb:17572
[ 1003659ms] [LOG] Angular is running in development mode. @ http://localhost:8103/@fs/home/nini/playground/mati/frontend/.angular/cache/21.2.6/mati/vite/deps/chunk-UJXFFF7P.js?v=0bfcedbb:17572
[ 1171526ms] [LOG] Angular is running in development mode. @ http://localhost:8103/@fs/home/nini/playground/mati/frontend/.angular/cache/21.2.6/mati/vite/deps/chunk-UJXFFF7P.js?v=0bfcedbb:17572
